// Jest Snapshot v1, https://goo.gl/fbAQLP

exports[`productiv editableTodo matches snapshot 1`] = `
<div>
  <div
    class="EditableTodo"
  >
    <div
      class="mb-3"
    >
      <div
        class="float-right text-sm-right"
      >
        <button
          class="EditableTodo-toggle btn-link btn btn-sm"
        >
          Edit
        </button>
        <button
          class="EditableTodo-delBtn btn-link btn btn-sm text-danger"
        >
          Del
        </button>
      </div>
      <div
        class="Todo"
      >
        <div>
          <b>
            test
          </b>
           
          <small>
            (priority: 
            1
            )
          </small>
        </div>
        <div>
          <small>
            testing editable
          </small>
        </div>
      </div>
    </div>
  </div>
</div>
`;
