// Jest Snapshot v1, https://goo.gl/fbAQLP

exports[`productiv app matches snapshot 1`] = `
<div>
  <div
    class="Todo"
    id="1"
  >
    <div>
      <b>
        test
      </b>
       
      <small>
        (priority: 
        1
        )
      </small>
    </div>
    <div>
      <small>
        testing data
      </small>
    </div>
  </div>
</div>
`;
